<?xml version="1.0" encoding="utf-8"?>
<Database Name="ChiroGroep" Provider="System.Data.Linq.SqlClient.Sql2005Provider"
          xmlns="http://schemas.microsoft.com/linqtosql/mapping/2007">

  <Table Name="pers.Persoon">
    <Type Name="Cg2.Core.Domain.Persoon">
      <Column Name="PersoonID" Member="ID" DbType="INT NOT NULL IDENTITY" IsPrimaryKey="true" IsDbGenerated="true" AutoSync="OnInsert"/>
      <Column Name="Versie" Member="Versie" DbType="TIMESTAMP"  IsVersion="true" IsDbGenerated="true" UpdateCheck="Always" />
      <Column Name="AdNummer" Member="AdNummer" DbType="INT" />
      <Column Name="Naam" Member="Naam" DbType="VARCHAR(160) NOT NULL" />
      <Column Name="VoorNaam" Member="VoorNaam" DbType="VARCHAR(60)" />
      <Column Name="Geslacht" Member="GeslachtsInt" DbType="INT NOT NULL" />
      <Column Name="GeboorteDatum" Member="GeboorteDatum" DbType="DATETIME" />
      <Column Name="SterfDatum" Member="SterfDatum" DbType="DATETIME" />
      <Association Name="Fk_CommunicatieVorm_Persoon" Member="Communicatie" Storage="_communicatie" ThisKey="ID" OtherKey="PersoonID" DeleteRule="CASCADE" IsUnique="true" />
    </Type>
  </Table>

  <Table Name="pers.CommunicatieVorm">
    <Type Name="Cg2.Core.Domain.CommunicatieVorm">
      <Column Name="CommunicatieVormID" Member="ID" DbType="INT NOT NULL IDENTITY" IsPrimaryKey="true" IsDbGenerated="true" AutoSync="OnInsert" />
      <Column Name="Versie" Member="Versie" DbType="TIMESTAMP"  IsVersion="true" IsDbGenerated="true" UpdateCheck="Always" />
      <Column Name="CommunicatieTypeID" Member="TypeInt" DbType="INT NOT NULL"/>
      <Column Name="Nummer" Member="Nummer" DbType="VARCHAR(160) NOT NULL"/>
      <Column Name="IsGezinsGebonden" Member="IsGezinsGebonden" DbType="BIT NOT NULL" />
      <Column Name="Voorkeur" Member="Voorkeur" DbType="BIT NOT NULL" />
      <Column Name="Nota" Member="Nota" DbType="VARCHAR(320)" />
      <Column Name="PersoonID" Member="PersoonID" DbType="INT NOT NULL"/>
    </Type>
  </Table>
</Database>